
 Start  Stop   Length Name                   Class
 00000H 021CEH 021CFH _TEXT                  CODE
 021D0H 021D0H 00000H C_ETEXT                ENDCODE
 021D0H 02211H 00042H NULL                   BEGDATA
 02212H 02770H 0055FH _DATA                  DATA
 02772H 02772H 00000H CONST                  DATA
 02772H 0277FH 0000EH CDATA                  DATA
 02780H 02780H 00000H XIFB                   DATA
 02780H 02780H 00000H XIF                    DATA
 02780H 02780H 00000H XIFE                   DATA
 02780H 02780H 00000H XIB                    DATA
 02780H 02780H 00000H XI                     DATA
 02780H 02780H 00000H XIE                    DATA
 02780H 02780H 00000H XPB                    DATA
 02780H 02780H 00000H XP                     DATA
 02780H 02780H 00000H XPE                    DATA
 02780H 02780H 00000H XCB                    DATA
 02780H 02780H 00000H XC                     DATA
 02780H 02780H 00000H XCE                    DATA
 02780H 02780H 00000H XCFB                   DATA
 02780H 02780H 00000H XCF                    DATA
 02780H 02780H 00000H XCFE                   DATA
 02780H 02780H 00000H CONST                  CONST
 02780H 02787H 00008H HDR                    MSG
 02788H 02855H 000CEH MSG                    MSG
 02856H 02857H 00002H PAD                    MSG
 02858H 02858H 00001H EPAD                   MSG
 0285AH 047A9H 01F50H _BSS                   BSS
 047AAH 047AAH 00000H XOB                    BSS
 047AAH 047E9H 00040H XO                     BSS
 047EAH 047EAH 00000H XOE                    BSS
 047F0H 04809H 0001AH c_common               BSS
 04810H 0500FH 00800H STACK                  STACK

 Origin   Group
 021D:0   DGROUP

  Address         Publics by Name

 0000:214C       api_call
 0000:0AD8       BiosGetCursInfo
 0000:0AE8       BiosSetCurSize
 0000:0AE0       BiosSetCursPos
 0000:2182       CursorRestore
 0000:2166       CursorSave
 0000:0AF0       DrawBox
 0000:0DF2       GetScreenSeg
 0000:1024       GetVideoConfig
 0000:11A5       GetVideoData
 0000:1297       KClose
 0000:14FC       KOpen
 021D:0312       log_end_x
 021D:0314       log_end_y
 021D:030E       log_start_x
 021D:0310       log_start_y
 0000:0FA0       ModLog
 0000:0E28       OldScreen
 021D:03BD       old_next
 021D:03BB       old_prev
 021D:0342       port_address
 0000:11C4       SetVideoMode
 0000:2192       VsBorder
 021D:03B7       _activated_win
 021D:038E       _active_adapter
 021D:0392       _active_screen
 021D:03B5       _active_win
 021D:03B9       _active_win_attr
 021D:038C       _adapter
 0000:049C       _AddToDirList
 0000:11CA       _AllocError
 0000:0118       _Args2
 0000:0172       _Args3
 0000:203E       _atexit
 021D:03A0       _background
 021D:162C       _base_screen
 0000:1F42       _bdos
 021D:03AF       _border_type
 021D:2628       _bottom_line
 0000:1E18       _brkctl
 021D:0066       _choice
 021D:039E       _col_shadow
 0000:1F54       _cputs
 021D:02A6       _critical_error
 0000:215E       _CursorHide
 021D:0058       _dir_offset
 021D:0052       _dir_search
 021D:262E       _dir_search_length
 021D:2620       _dir_search_string
 021D:038A       _DISP_addr
 0000:085E       _DoBottomLine
 021D:0064       _dohelp
 0000:090C       _DoResets
 0000:0A80       _DosCD
 0000:0A90       _DosFindFirst
 0000:0AAE       _DosFindNext
 0000:0AC4       _DosGetDrive
 0000:0ACA       _DosSetDrive
 0000:07EE       _DoTopLine
 0000:212A       _DvInit
 021D:068A       _edata
 021D:2640       _end
 021D:0458       _environ
 021D:0431       _errno
 0000:1884       _exit
 0000:07BE       _FileDnKey
 0000:0706       _FileEndKey
 0000:06DC       _FileHomeKey
 0000:0762       _FilePgDnKey
 0000:0734       _FilePgUpKey
 0000:0792       _FileUpKey
 021D:2638       _file_display
 021D:005A       _file_offset
 021D:0050       _file_search
 021D:006C       _FILE_SEARCH_ATTRIB
 021D:2634       _file_search_string
 021D:0062       _final_message
 021D:005E       _find_first
 021D:2622       _first
 021D:03B1       _first_win
 0000:1C5E       _free
 0000:206C       _getcwd
 0000:09BE       _GetKey
 0000:09A5       _goint24
 0000:0999       _GoRestoreInt24
 0000:0974       _GoStealInt24
 0000:0968       _Help
 021D:0396       _hide_cursor
 021D:0390       _inactive_adapter
 021D:0394       _inactive_screen
 0000:08D2       _Init
 0000:0A72       _InitMouse
 0000:1F76       _intdos
 021D:059A       _in_dv
 0000:0A64       _KeyPressed
 021D:03B3       _last_win
 0000:0010       _main
 0000:1246       _MakeAttr
 0000:1C70       _malloc
 021D:0056       _matching_dir_count
 021D:0054       _matching_file_count
 021D:25D2       _mode
 021D:03A2       _mode_change
 021D:25D6       _mod_flag
 021D:03A4       _mono_attr
 021D:2626       _new
 021D:262C       _new_drive
 021D:262A       _node
 021D:006A       _no_file
 021D:25D8       _no_wins
 021D:25D4       _old_mode
 021D:068C       _old_screen
 021D:25CE       _old_vpage
 0000:2047       _onexit
 021D:2624       _original_drive
 0000:045C       _PrintDirEntry
 0000:1FBE       _putch
 021D:005C       _reset_drive
 0000:0586       _RunFileWin
 021D:0398       _save_screen
 021D:0068       _search_all
 021D:2630       _search_drive
 021D:2632       _search_string
 0000:01EC       _SetupStrings
 021D:03AB       _shadow_bgc
 021D:03A8       _shadow_char
 021D:03A9       _shadow_fgc
 021D:03AD       _shadow_type
 021D:039C       _snow_free
 0000:1FCE       _strchr
 0000:1EDC       _strcpy
 0000:1FF8       _strdup
 021D:0060       _string_found
 0000:1F0E       _strlen
 0000:201C       _strupr
 0000:0318       _TestDir
 021D:2636       _top_line
 0000:1F2A       _toupper
 021D:006E       _valid_keys
 021D:25D0       _vdu
 021D:039A       _video_method
 021D:25CC       _vpage
 0000:21B8       _VsBorderCol
 0000:0B66       _VsDisp
 021D:03A6       _vsfiller
 0000:11E0       _WnChgAttr
 0000:1278       _WnClose
 0000:12E2       _WnCls
 0000:147A       _WnDeactivate
 0000:1344       _WnExit
 0000:1322       _WnInit
 0000:14D0       _WnKill
 0000:15A6       _WnKillAll
 0000:15BA       _WnMake
 0000:14E0       _WnOpen
 0000:1534       _WnPrint
 0000:1690       _WnPrintxy
 0000:16BE       _WnScroll
 021D:0416       __abrkp
 021D:03C6       __abrktb
 021D:0416       __abrktbe
 021D:0418       __acfinfo
 0000:9876  Abs  __acrtmsg
 0000:9876  Abs  __acrtused
 021D:0468       __adbgmsg
 021D:03C4       __aexit_rtn
 021D:0425       __aintdiv
 0000:1CB9       __amalloc
 0000:1DF8       __amallocbrk
 021D:0490       __amblksiz
 0000:1D9C       __amexpand
 0000:1DD6       __amlink
 0000:17B1       __amsg_exit
 021D:048A       __aseg1
 021D:0480       __asegds
 021D:0492       __asegh
 021D:048C       __asegn
 021D:048E       __asegr
 021D:03C0       __asizds
 0000:170E       __astart
 021D:03C2       __atopsp
 021D:0460       __child
 0000:17C0       __cinit
 0000:17A2       __cintDIV
 0000:18E0       __ctermsub
 021D:0496       __ctype
 021D:0496       __ctype_
 021D:043C       __doserrno
 0000:1C0A       __dosret0
 0000:1C1D       __dosretax
 0000:1C12       __dosreturn
 021D:0439       __dosvermajor
 021D:043A       __dosverminor
 0000:189B       __exit
 021D:0429       __fac
 0000:1930       __FF_MSGBANNER
 021D:05A4       __fpinit
 0000:1950       __fptrap
 0000:2080       __getdcwd
 021D:0463       __intno
 0000:1C2A       __maperror
 0000:1BC8       __myalloc
 021D:043E       __nfile
 0000:1C5E       __nfree
 0000:1C70       __nmalloc
 0000:1B74       __NMSG_TEXT
 0000:1B9F       __NMSG_WRITE
 0000:1956       __nullcheck
 021D:043C       __oserr
 021D:0440       __osfile
 021D:0439       __osmajor
 021D:043A       __osminor
 021D:043B       __osmode
 021D:0439       __osversion
 021D:0462       __ovlflag
 021D:0464       __ovlvec
 021D:045A       __pgmptr
 021D:0437       __psp
 021D:0435       __pspadr
 021D:0492       __QChdata
 0000:1978       __setargv
 0000:1B06       __setenvp
 021D:0433       __umaskval
 021D:0454       ___argc
 021D:0456       ___argv

  Address         Publics by Value

 0000:0010       _main
 0000:0118       _Args2
 0000:0172       _Args3
 0000:01EC       _SetupStrings
 0000:0318       _TestDir
 0000:045C       _PrintDirEntry
 0000:049C       _AddToDirList
 0000:0586       _RunFileWin
 0000:06DC       _FileHomeKey
 0000:0706       _FileEndKey
 0000:0734       _FilePgUpKey
 0000:0762       _FilePgDnKey
 0000:0792       _FileUpKey
 0000:07BE       _FileDnKey
 0000:07EE       _DoTopLine
 0000:085E       _DoBottomLine
 0000:08D2       _Init
 0000:090C       _DoResets
 0000:0968       _Help
 0000:0974       _GoStealInt24
 0000:0999       _GoRestoreInt24
 0000:09A5       _goint24
 0000:09BE       _GetKey
 0000:0A64       _KeyPressed
 0000:0A72       _InitMouse
 0000:0A80       _DosCD
 0000:0A90       _DosFindFirst
 0000:0AAE       _DosFindNext
 0000:0AC4       _DosGetDrive
 0000:0ACA       _DosSetDrive
 0000:0AD8       BiosGetCursInfo
 0000:0AE0       BiosSetCursPos
 0000:0AE8       BiosSetCurSize
 0000:0AF0       DrawBox
 0000:0B66       _VsDisp
 0000:0DF2       GetScreenSeg
 0000:0E28       OldScreen
 0000:0FA0       ModLog
 0000:1024       GetVideoConfig
 0000:11A5       GetVideoData
 0000:11C4       SetVideoMode
 0000:11CA       _AllocError
 0000:11E0       _WnChgAttr
 0000:1246       _MakeAttr
 0000:1278       _WnClose
 0000:1297       KClose
 0000:12E2       _WnCls
 0000:1322       _WnInit
 0000:1344       _WnExit
 0000:147A       _WnDeactivate
 0000:14D0       _WnKill
 0000:14E0       _WnOpen
 0000:14FC       KOpen
 0000:1534       _WnPrint
 0000:15A6       _WnKillAll
 0000:15BA       _WnMake
 0000:1690       _WnPrintxy
 0000:16BE       _WnScroll
 0000:170E       __astart
 0000:17A2       __cintDIV
 0000:17B1       __amsg_exit
 0000:17C0       __cinit
 0000:1884       _exit
 0000:189B       __exit
 0000:18E0       __ctermsub
 0000:1930       __FF_MSGBANNER
 0000:1950       __fptrap
 0000:1956       __nullcheck
 0000:1978       __setargv
 0000:1B06       __setenvp
 0000:1B74       __NMSG_TEXT
 0000:1B9F       __NMSG_WRITE
 0000:1BC8       __myalloc
 0000:1C0A       __dosret0
 0000:1C12       __dosreturn
 0000:1C1D       __dosretax
 0000:1C2A       __maperror
 0000:1C5E       __nfree
 0000:1C5E       _free
 0000:1C70       _malloc
 0000:1C70       __nmalloc
 0000:1CB9       __amalloc
 0000:1D9C       __amexpand
 0000:1DD6       __amlink
 0000:1DF8       __amallocbrk
 0000:1E18       _brkctl
 0000:1EDC       _strcpy
 0000:1F0E       _strlen
 0000:1F2A       _toupper
 0000:1F42       _bdos
 0000:1F54       _cputs
 0000:1F76       _intdos
 0000:1FBE       _putch
 0000:1FCE       _strchr
 0000:1FF8       _strdup
 0000:201C       _strupr
 0000:203E       _atexit
 0000:2047       _onexit
 0000:206C       _getcwd
 0000:2080       __getdcwd
 0000:212A       _DvInit
 0000:214C       api_call
 0000:215E       _CursorHide
 0000:2166       CursorSave
 0000:2182       CursorRestore
 0000:2192       VsBorder
 0000:21B8       _VsBorderCol
 021D:0050       _file_search
 021D:0052       _dir_search
 021D:0054       _matching_file_count
 021D:0056       _matching_dir_count
 021D:0058       _dir_offset
 021D:005A       _file_offset
 021D:005C       _reset_drive
 021D:005E       _find_first
 021D:0060       _string_found
 021D:0062       _final_message
 021D:0064       _dohelp
 021D:0066       _choice
 021D:0068       _search_all
 021D:006A       _no_file
 021D:006C       _FILE_SEARCH_ATTRIB
 021D:006E       _valid_keys
 021D:02A6       _critical_error
 021D:030E       log_start_x
 021D:0310       log_start_y
 021D:0312       log_end_x
 021D:0314       log_end_y
 021D:0342       port_address
 021D:038A       _DISP_addr
 021D:038C       _adapter
 021D:038E       _active_adapter
 021D:0390       _inactive_adapter
 021D:0392       _active_screen
 021D:0394       _inactive_screen
 021D:0396       _hide_cursor
 021D:0398       _save_screen
 021D:039A       _video_method
 021D:039C       _snow_free
 021D:039E       _col_shadow
 021D:03A0       _background
 021D:03A2       _mode_change
 021D:03A4       _mono_attr
 021D:03A6       _vsfiller
 021D:03A8       _shadow_char
 021D:03A9       _shadow_fgc
 021D:03AB       _shadow_bgc
 021D:03AD       _shadow_type
 021D:03AF       _border_type
 021D:03B1       _first_win
 021D:03B3       _last_win
 021D:03B5       _active_win
 021D:03B7       _activated_win
 021D:03B9       _active_win_attr
 021D:03BB       old_prev
 021D:03BD       old_next
 021D:03C0       __asizds
 021D:03C2       __atopsp
 021D:03C4       __aexit_rtn
 021D:03C6       __abrktb
 021D:0416       __abrktbe
 021D:0416       __abrkp
 021D:0418       __acfinfo
 021D:0425       __aintdiv
 021D:0429       __fac
 021D:0431       _errno
 021D:0433       __umaskval
 021D:0435       __pspadr
 021D:0437       __psp
 021D:0439       __osversion
 021D:0439       __osmajor
 021D:0439       __dosvermajor
 021D:043A       __osminor
 021D:043A       __dosverminor
 021D:043B       __osmode
 021D:043C       __doserrno
 021D:043C       __oserr
 021D:043E       __nfile
 021D:0440       __osfile
 021D:0454       ___argc
 021D:0456       ___argv
 021D:0458       _environ
 021D:045A       __pgmptr
 021D:0460       __child
 021D:0462       __ovlflag
 021D:0463       __intno
 021D:0464       __ovlvec
 021D:0468       __adbgmsg
 021D:0480       __asegds
 021D:048A       __aseg1
 021D:048C       __asegn
 021D:048E       __asegr
 021D:0490       __amblksiz
 021D:0492       __QChdata
 021D:0492       __asegh
 021D:0496       __ctype_
 021D:0496       __ctype
 021D:059A       _in_dv
 021D:05A4       __fpinit
 021D:068A       _edata
 021D:068C       _old_screen
 021D:162C       _base_screen
 021D:25CC       _vpage
 021D:25CE       _old_vpage
 021D:25D0       _vdu
 021D:25D2       _mode
 021D:25D4       _old_mode
 021D:25D6       _mod_flag
 021D:25D8       _no_wins
 021D:2620       _dir_search_string
 021D:2622       _first
 021D:2624       _original_drive
 021D:2626       _new
 021D:2628       _bottom_line
 021D:262A       _node
 021D:262C       _new_drive
 021D:262E       _dir_search_length
 021D:2630       _search_drive
 021D:2632       _search_string
 021D:2634       _file_search_string
 021D:2636       _top_line
 021D:2638       _file_display
 021D:2640       _end
 0000:9876  Abs  __acrtused
 0000:9876  Abs  __acrtmsg

Program entry point at 0000:170E
